
> next-app@0.1.0 dev
> next dev

▲ Next.js 16.3.2 (Turbopack)
- Local:         http://localhost:3000
- Network:       http://192.168.0.2:3000
✓ Ready in 556ms
✓ Running next.config.ts took 45ms

○ Compiling / ...
 GET / 200 in 4.7s (next.js: 4.0s, application-code: 692ms)
Error: Route "/agent/[id]" used `params.id`. `params` is a Promise and must be unwrapped with `await` or `React.use()` before accessing its properties. Learn more: https://nextjs.org/docs/messages/sync-dynamic-apis
    at <unknown> (src/app/agent/[id]/page.tsx:15:68)
    at Array.find (<anonymous>)
    at AgentDetail (src/app/agent/[id]/page.tsx:15:24)
  13 |   }
  14 |
> 15 |   const agent = agents.find((a: { id: string }) => a.id === params.id);
     |                                                                    ^
  16 |
  17 |   if (!agent) {
  18 |     return (
 GET /agent/01-web-research-agent 200 in 1773ms (next.js: 1600ms, application-code: 173ms)
 GET / 200 in 340ms (next.js: 5ms, application-code: 335ms)
 GET /agent/01-web-research-agent 200 in 99ms (next.js: 31ms, application-code: 68ms)
